Encoder A: 1
Encoder B: 0
Encoder A: 0
Encoder B: 1
Encoder A: 1
Encoder B: 1
Encoder A: 0
Encoder B: 0
Encoder A: 0
Encoder B: 0
Encoder A: 1
Encoder B: 1
Encoder A: 1
Encoder B: 1
Encoder A: 1
Encoder B: 1
Encoder A: 0
Encoder B: 0
Encoder A: 0
Encoder B: 0
Encoder A: 1
Encoder B: 1
Encoder A: 1
Encoder B: 1
Encoder A: 1
Encoder B: 1
Encoder A: 1
Encoder B: 1
Encoder A: 1
Encoder B: 1
Encoder A: 0
Encoder B: 0
Encoder A: 0
Encoder B: 0
Encoder A: 0
Encoder B: 0
Encoder A: 1
Encoder B: 1
Encoder A: 1
Encoder B: 1
Encoder A: 0
Encoder B: 0
Encoder A: 0
Encoder B: 1
Encoder A: 1
Encoder B: 1
closing spi nicely
